<Person>
  <FirstName>
    <Char>P</Char>
    <Char>a</Char>
    <Char>v</Char>
    <Char>e</Char>
    <Char>l</Char>
  </FirstName>
  <LastName>
    <Char>J</Char>
    <Char>e</Char>
    <Char>z</Char>
    <Char>e</Char>
    <Char>k</Char>
  </LastName>
  <HomeAddress>
    <Address>
      <Street>
        <Char>P</Char>
        <Char>a</Char>
        <Char>t</Char>
        <Char>k</Char>
        <Char>o</Char>
        <Char>v</Char>
        <Char>a</Char>
      </Street>
      <City>
        <Char>P</Char>
        <Char>r</Char>
        <Char>a</Char>
        <Char>g</Char>
        <Char>u</Char>
        <Char>e</Char>
      </City>
    </Address>
  </HomeAddress>
  <WorkAddress>
    <Address>
      <Street>
        <Char>M</Char>
        <Char>a</Char>
        <Char>l</Char>
        <Char>o</Char>
        <Char>s</Char>
        <Char>t</Char>
        <Char>r</Char>
        <Char>a</Char>
        <Char>n</Char>
        <Char>s</Char>
        <Char>k</Char>
        <Char>e</Char>
        <Char> </Char>
        <Char>n</Char>
        <Char>a</Char>
        <Char>m</Char>
        <Char>e</Char>
        <Char>s</Char>
        <Char>t</Char>
        <Char>i</Char>
      </Street>
      <City>
        <Char>P</Char>
        <Char>r</Char>
        <Char>a</Char>
        <Char>g</Char>
        <Char>u</Char>
        <Char>e</Char>
      </City>
    </Address>
  </WorkAddress>
  <Employees>
    <Person>
      <FirstName>
        <Char>J</Char>
        <Char>i</Char>
        <Char>r</Char>
        <Char>i</Char>
      </FirstName>
      <LastName>
        <Char>V</Char>
        <Char>e</Char>
        <Char>s</Char>
        <Char>e</Char>
        <Char>l</Char>
        <Char>y</Char>
      </LastName>
      <HomeAddress>
        <Address>
          <Street>
            <Char>C</Char>
            <Char>t</Char>
            <Char>v</Char>
            <Char>r</Char>
            <Char>t</Char>
            <Char>k</Char>
            <Char>o</Char>
            <Char>v</Char>
            <Char>a</Char>
          </Street>
          <City>
            <Char>P</Char>
            <Char>r</Char>
            <Char>a</Char>
            <Char>g</Char>
            <Char>u</Char>
            <Char>e</Char>
          </City>
        </Address>
      </HomeAddress>
      <WorkAddress>
        <Address>
          <Street>
            <Char>D</Char>
            <Char>v</Char>
            <Char>o</Char>
            <Char>r</Char>
            <Char>a</Char>
            <Char>k</Char>
            <Char>o</Char>
            <Char>v</Char>
            <Char>a</Char>
          </Street>
          <City>
            <Char>H</Char>
            <Char>o</Char>
            <Char>r</Char>
            <Char>n</Char>
            <Char>i</Char>
            <Char> </Char>
            <Char>S</Char>
            <Char>l</Char>
            <Char>a</Char>
            <Char>v</Char>
            <Char>k</Char>
            <Char>o</Char>
            <Char>v</Char>
          </City>
        </Address>
      </WorkAddress>
      <Employees>
      </Employees>
      <CitizenOf>
        <Country>
          <Name>
            <Char>C</Char>
            <Char>z</Char>
            <Char>e</Char>
            <Char>c</Char>
            <Char>h</Char>
            <Char> </Char>
            <Char>R</Char>
            <Char>e</Char>
            <Char>p</Char>
            <Char>u</Char>
            <Char>b</Char>
            <Char>l</Char>
            <Char>i</Char>
            <Char>c</Char>
          </Name>
          <AreaCode>420</AreaCode>
        </Country>
      </CitizenOf>
      <MobilePhone>
        <PhoneNumber>
          <Country>
            <Country>
              <Name>
                <Char>C</Char>
                <Char>z</Char>
                <Char>e</Char>
                <Char>c</Char>
                <Char>h</Char>
                <Char> </Char>
                <Char>R</Char>
                <Char>e</Char>
                <Char>p</Char>
                <Char>u</Char>
                <Char>b</Char>
                <Char>l</Char>
                <Char>i</Char>
                <Char>c</Char>
              </Name>
              <AreaCode>420</AreaCode>
            </Country>
          </Country>
          <Number>111222333</Number>
        </PhoneNumber>
      </MobilePhone>
    </Person>
    <Person>
      <FirstName>
        <Char>J</Char>
        <Char>a</Char>
        <Char>n</Char>
      </FirstName>
      <LastName>
        <Char>K</Char>
        <Char>o</Char>
        <Char>f</Char>
        <Char>r</Char>
        <Char>o</Char>
        <Char>n</Char>
      </LastName>
      <HomeAddress>
        <Address>
          <Street>
            <Char>S</Char>
            <Char>t</Char>
            <Char>r</Char>
            <Char>e</Char>
            <Char>d</Char>
            <Char>e</Char>
            <Char>c</Char>
            <Char>n</Char>
            <Char>i</Char>
          </Street>
          <City>
            <Char>B</Char>
            <Char>e</Char>
            <Char>r</Char>
            <Char>o</Char>
            <Char>u</Char>
            <Char>n</Char>
          </City>
        </Address>
      </HomeAddress>
      <WorkAddress>
        <Address>
          <Street>
            <Char>H</Char>
            <Char>u</Char>
            <Char>s</Char>
            <Char>i</Char>
            <Char>t</Char>
            <Char>s</Char>
            <Char>k</Char>
            <Char>a</Char>
          </Street>
          <City>
            <Char>B</Char>
            <Char>r</Char>
            <Char>n</Char>
            <Char>o</Char>
          </City>
        </Address>
      </WorkAddress>
      <Employees>
      </Employees>
      <CitizenOf>
        <Country>
          <Name>
            <Char>C</Char>
            <Char>z</Char>
            <Char>e</Char>
            <Char>c</Char>
            <Char>h</Char>
            <Char> </Char>
            <Char>R</Char>
            <Char>e</Char>
            <Char>p</Char>
            <Char>u</Char>
            <Char>b</Char>
            <Char>l</Char>
            <Char>i</Char>
            <Char>c</Char>
          </Name>
          <AreaCode>420</AreaCode>
        </Country>
      </CitizenOf>
      <MobilePhone>
        <PhoneNumber>
          <Country>
            <Country>
              <Name>
                <Char>C</Char>
                <Char>z</Char>
                <Char>e</Char>
                <Char>c</Char>
                <Char>h</Char>
                <Char> </Char>
                <Char>R</Char>
                <Char>e</Char>
                <Char>p</Char>
                <Char>u</Char>
                <Char>b</Char>
                <Char>l</Char>
                <Char>i</Char>
                <Char>c</Char>
              </Name>
              <AreaCode>420</AreaCode>
            </Country>
          </Country>
          <Number>777666555</Number>
        </PhoneNumber>
      </MobilePhone>
    </Person>
  </Employees>
  <CitizenOf>
    <Country>
      <Name>
        <Char>C</Char>
        <Char>z</Char>
        <Char>e</Char>
        <Char>c</Char>
        <Char>h</Char>
        <Char> </Char>
        <Char>R</Char>
        <Char>e</Char>
        <Char>p</Char>
        <Char>u</Char>
        <Char>b</Char>
        <Char>l</Char>
        <Char>i</Char>
        <Char>c</Char>
      </Name>
      <AreaCode>420</AreaCode>
    </Country>
  </CitizenOf>
  <MobilePhone>
    <PhoneNumber>
      <Country>
        <Country>
          <Name>
            <Char>C</Char>
            <Char>z</Char>
            <Char>e</Char>
            <Char>c</Char>
            <Char>h</Char>
            <Char> </Char>
            <Char>R</Char>
            <Char>e</Char>
            <Char>p</Char>
            <Char>u</Char>
            <Char>b</Char>
            <Char>l</Char>
            <Char>i</Char>
            <Char>c</Char>
          </Name>
          <AreaCode>420</AreaCode>
        </Country>
      </Country>
      <Number>123456789</Number>
    </PhoneNumber>
  </MobilePhone>
</Person>
